// Jest Snapshot v1, https://goo.gl/fbAQLP

exports[`Counter component should render the default state of the ui correctly 1`] = `
<div>
  <h1
    data-tid="counter"
  >
    0
  </h1>
  <div>
    <button
      class="ant-btn ant-btn-primary"
      data-tid="incr-btn"
      type="button"
    >
      <i
        aria-label="icon: plus"
        class="anticon anticon-plus"
      >
        <svg
          aria-hidden="true"
          class=""
          data-icon="plus"
          fill="currentColor"
          focusable="false"
          height="1em"
          viewBox="64 64 896 896"
          width="1em"
        >
          <path
            d="M482 152h60q8 0 8 8v704q0 8-8 8h-60q-8 0-8-8V160q0-8 8-8z"
          />
          <path
            d="M176 474h672q8 0 8 8v60q0 8-8 8H176q-8 0-8-8v-60q0-8 8-8z"
          />
        </svg>
      </i>
      <span>
        Increment
      </span>
    </button>
    <button
      class="ant-btn ant-btn-primary"
      data-tid="decr-btn"
      type="button"
    >
      <i
        aria-label="icon: minus"
        class="anticon anticon-minus"
      >
        <svg
          aria-hidden="true"
          class=""
          data-icon="minus"
          fill="currentColor"
          focusable="false"
          height="1em"
          viewBox="64 64 896 896"
          width="1em"
        >
          <path
            d="M872 474H152c-4.4 0-8 3.6-8 8v60c0 4.4 3.6 8 8 8h720c4.4 0 8-3.6 8-8v-60c0-4.4-3.6-8-8-8z"
          />
        </svg>
      </i>
      <span>
        Decrement
      </span>
    </button>
    <button
      class="ant-btn ant-btn-primary"
      data-tid="odd-btn"
      type="button"
    >
      <i
        aria-label="icon: question"
        class="anticon anticon-question"
      >
        <svg
          aria-hidden="true"
          class=""
          data-icon="question"
          fill="currentColor"
          focusable="false"
          height="1em"
          viewBox="64 64 896 896"
          width="1em"
        >
          <path
            d="M764 280.9c-14-30.6-33.9-58.1-59.3-81.6C653.1 151.4 584.6 125 512 125s-141.1 26.4-192.7 74.2c-25.4 23.6-45.3 51-59.3 81.7-14.6 32-22 65.9-22 100.9v27c0 6.2 5 11.2 11.2 11.2h54c6.2 0 11.2-5 11.2-11.2v-27c0-99.5 88.6-180.4 197.6-180.4s197.6 80.9 197.6 180.4c0 40.8-14.5 79.2-42 111.2-27.2 31.7-65.6 54.4-108.1 64-24.3 5.5-46.2 19.2-61.7 38.8a110.85 110.85 0 0 0-23.9 68.6v31.4c0 6.2 5 11.2 11.2 11.2h54c6.2 0 11.2-5 11.2-11.2v-31.4c0-15.7 10.9-29.5 26-32.9 58.4-13.2 111.4-44.7 149.3-88.7 19.1-22.3 34-47.1 44.3-74 10.7-27.9 16.1-57.2 16.1-87 0-35-7.4-69-22-100.9zM512 787c-30.9 0-56 25.1-56 56s25.1 56 56 56 56-25.1 56-56-25.1-56-56-56z"
          />
        </svg>
      </i>
      <span>
        Increment Odd
      </span>
    </button>
    <button
      class="ant-btn ant-btn-primary"
      data-tid="async-btn"
      type="button"
    >
      <i
        aria-label="icon: retweet"
        class="anticon anticon-retweet"
      >
        <svg
          aria-hidden="true"
          class=""
          data-icon="retweet"
          fill="currentColor"
          focusable="false"
          height="1em"
          viewBox="0 0 1024 1024"
          width="1em"
        >
          <path
            d="M136 552h63.6c4.4 0 8-3.6 8-8V288.7h528.6v72.6c0 1.9.6 3.7 1.8 5.2a8.3 8.3 0 0 0 11.7 1.4L893 255.4c4.3-5 3.6-10.3 0-13.2L749.7 129.8a8.22 8.22 0 0 0-5.2-1.8c-4.6 0-8.4 3.8-8.4 8.4V209H199.7c-39.5 0-71.7 32.2-71.7 71.8V544c0 4.4 3.6 8 8 8zm752-80h-63.6c-4.4 0-8 3.6-8 8v255.3H287.8v-72.6c0-1.9-.6-3.7-1.8-5.2a8.3 8.3 0 0 0-11.7-1.4L131 768.6c-4.3 5-3.6 10.3 0 13.2l143.3 112.4c1.5 1.2 3.3 1.8 5.2 1.8 4.6 0 8.4-3.8 8.4-8.4V815h536.6c39.5 0 71.7-32.2 71.7-71.8V480c-.2-4.4-3.8-8-8.2-8z"
          />
        </svg>
      </i>
      <span>
        Increment Async
      </span>
    </button>
  </div>
</div>
`;
